<?xml version="1.0" encoding="utf-8"?><testsuites><testsuite name="pytest" errors="0" failures="0" skipped="0" tests="102" time="116.780" timestamp="2026-08-20T02:11:23.574693" hostname="ThiviDESKTOP-B097U0K"><testcase classname="tests.test_api_store_webhooks.TestAPI" name="test_api_info_supports_envelope" time="0.705" /><testcase classname="tests.test_api_store_webhooks.TestAPI" name="test_api_current_user_requires_auth" time="0.564" /><testcase classname="tests.test_api_store_webhooks.TestAPI" name="test_api_current_user_accepts_valid_api_key" time="1.142" /><testcase classname="tests.test_api_store_webhooks.TestAPI" name="test_api_unknown_route_returns_json_404" time="0.607" /><testcase classname="tests.test_api_store_webhooks.TestStore" name="test_store_home_loads" time="1.360" /><testcase classname="tests.test_api_store_webhooks.TestStore" name="test_store_payment_creates_customer_charge_and_user" time="0.663" /><testcase classname="tests.test_api_store_webhooks.TestStripeWebhooks" name="test_subscription_deleted_downgrades_team" time="0.495" /><testcase classname="tests.test_api_store_webhooks.TestStripeWebhooks" name="test_subscription_created_sets_plan_and_customer" time="0.478" /><testcase classname="tests.test_api_store_webhooks.TestStripeWebhooks" name="test_subscription_updated_with_cancelled_downgrades_team" time="0.567" /><testcase classname="tests.test_api_store_webhooks.TestStripeWebhooks" name="test_checkout_completed_sets_subscription_on_team" time="0.557" /><testcase classname="tests.test_api_store_webhooks.TestStripeWebhooks" name="test_checkout_completed_with_unknown_team_returns_question_mark" time="0.511" /><testcase classname="tests.test_auth_extra.TestAuthAdditionalFlows" name="test_confirm_invalid_token_404" time="0.652" /><testcase classname="tests.test_auth_extra.TestAuthAdditionalFlows" name="test_confirm_email_logged_out_redirects_login" time="0.468" /><testcase classname="tests.test_auth_extra.TestAuthAdditionalFlows" name="test_confirm_email_logged_in_redirects_dashboard" time="1.135" /><testcase classname="tests.test_auth_extra.TestAuthAdditionalFlows" name="test_resend_confirmation_get_for_unconfirmed_user_raises_for_missing_template" time="0.858" /><testcase classname="tests.test_auth_extra.TestAuthAdditionalFlows" name="test_resend_confirmation_post_sends_email_and_redirects" time="0.833" /><testcase classname="tests.test_auth_extra.TestAuthAdditionalFlows" name="test_request_password_reset_redirects_logged_in_users" time="0.837" /><testcase classname="tests.test_auth_extra.TestAuthAdditionalFlows" name="test_request_password_reset_for_existing_user" time="0.431" /><testcase classname="tests.test_auth_extra.TestAuthAdditionalFlows" name="test_reset_password_invalid_code_forbidden" time="0.410" /><testcase classname="tests.test_auth_extra.TestAuthAdditionalFlows" name="test_reset_password_valid_code_updates_user" time="0.430" /><testcase classname="tests.test_auth_extra.TestAuthAdditionalFlows" name="test_reauth_post_with_valid_credentials_redirects_settings" time="0.580" /><testcase classname="tests.test_auth_extra.TestAuthAdditionalFlows" name="test_join_team_returns_404_for_non_matching_user" time="0.927" /><testcase classname="tests.test_auth_extra.TestAuthAdditionalFlows" name="test_join_team_activates_invite_for_owner" time="0.873" /><testcase classname="tests.test_auth_extra.TestAuthAdditionalFlows" name="test_invite_page_renders_for_guest_user" time="0.624" /><testcase classname="tests.test_auth_extra.TestAuthAdditionalFlows" name="test_invite_page_rejects_wrong_secret" time="0.547" /><testcase classname="tests.test_auth_extra.TestAuthAdditionalFlows" name="test_invite_page_redirects_owner_to_join" time="0.804" /><testcase classname="tests.test_config.TestConfig" name="test_dev_config" time="0.077" /><testcase classname="tests.test_config.TestConfig" name="test_test_config" time="0.081" /><testcase classname="tests.test_config.TestConfig" name="test_prod_config" time="0.075" /><testcase classname="tests.test_dashboard_actions.TestDashboardActions" name="test_dashboard_home_redirects_to_memberships_when_user_has_no_active_team" time="0.784" /><testcase classname="tests.test_dashboard_actions.TestDashboardActions" name="test_dashboard_home_404_for_team_non_member" time="0.881" /><testcase classname="tests.test_dashboard_actions.TestDashboardActions" name="test_team_dashboard_redirects_home_when_user_has_no_primary_membership" time="0.946" /><testcase classname="tests.test_dashboard_actions.TestDashboardActions" name="test_team_dashboard_404_for_team_non_member" time="1.026" /><testcase classname="tests.test_dashboard_actions.TestDashboardActions" name="test_add_member_404_for_invalid_team" time="1.087" /><testcase classname="tests.test_dashboard_actions.TestDashboardActions" name="test_add_member_blocks_when_plan_limit_reached" time="1.335" /><testcase classname="tests.test_dashboard_actions.TestDashboardActions" name="test_add_member_invalid_form_redirects" time="1.869" /><testcase classname="tests.test_dashboard_actions.TestDashboardActions" name="test_add_member_creates_invite" time="2.045" /><testcase classname="tests.test_dashboard_actions.TestDashboardActions" name="test_add_member_skips_existing_member" time="1.948" /><testcase classname="tests.test_dashboard_actions.TestDashboardActions" name="test_billing_portal_redirects_to_customer_portal" time="1.975" /><testcase classname="tests.test_dashboard_actions.TestDashboardActions" name="test_billing_portal_falls_back_to_settings_without_customer" time="1.977" /><testcase classname="tests.test_dashboard_actions.TestDashboardActions" name="test_billing_portal_404_for_invalid_team" time="2.619" /><testcase classname="tests.test_dashboard_actions.TestDashboardActions" name="test_remove_member_404_when_membership_not_found" time="2.715" /><testcase classname="tests.test_dashboard_actions.TestDashboardActions" name="test_remove_creator_is_blocked" time="2.063" /><testcase classname="tests.test_dashboard_actions.TestDashboardActions" name="test_remove_member_invalid_form_redirects" time="1.790" /><testcase classname="tests.test_dashboard_actions.TestDashboardActions" name="test_remove_pending_member_deletes_membership" time="1.881" /><testcase classname="tests.test_dashboard_actions.TestDashboardActions" name="test_remove_last_active_user_is_blocked" time="2.014" /><testcase classname="tests.test_dashboard_actions.TestDashboardActions" name="test_add_file_creates_team_file_record" time="2.035" /><testcase classname="tests.test_dashboard_actions.TestDashboardActions" name="test_files_dashboard_redirects_home_when_user_has_no_primary_membership" time="1.871" /><testcase classname="tests.test_dashboard_actions.TestDashboardActions" name="test_files_dashboard_404_for_team_non_member" time="2.346" /><testcase classname="tests.test_dashboard_actions.TestDashboardActions" name="test_add_file_404_for_invalid_team" time="2.304" /><testcase classname="tests.test_dashboard_actions.TestDashboardActions" name="test_add_file_invalid_form_raises_type_error" time="1.840" /><testcase classname="tests.test_dashboard_actions.TestDashboardActions" name="test_download_file_redirects_to_storage_url" time="2.044" /><testcase classname="tests.test_dashboard_actions.TestDashboardActions" name="test_download_file_404_when_storage_returns_none" time="2.729" /><testcase classname="tests.test_dashboard_actions.TestDashboardActions" name="test_destroy_file_404_for_invalid_team" time="2.267" /><testcase classname="tests.test_dashboard_actions.TestDashboardActions" name="test_destroy_file_removes_file_and_storage_object" time="1.900" /><testcase classname="tests.test_dashboard_actions.TestDashboardActions" name="test_destroy_file_removes_db_record_when_storage_object_missing" time="2.109" /><testcase classname="tests.test_login.TestLogin" name="test_login" time="1.621" /><testcase classname="tests.test_login.TestLogin" name="test_login_bad_email" time="1.297" /><testcase classname="tests.test_login.TestLogin" name="test_login_bad_password" time="1.611" /><testcase classname="tests.test_roles_session_admin.TestAdminJobsAuth" name="test_jobs_dashboard_requires_authentication" time="1.031" /><testcase classname="tests.test_roles_session_admin.TestAdminJobsAuth" name="test_jobs_dashboard_for_non_admin_returns_403" time="1.883" /><testcase classname="tests.test_roles_session_admin.TestSessionHelper" name="test_current_membership_defaults_to_first_active_membership" time="0.998" /><testcase classname="tests.test_roles_session_admin.TestSessionHelper" name="test_current_membership_returns_selected_membership" time="1.033" /><testcase classname="tests.test_roles_session_admin.TestSessionHelper" name="test_current_membership_redirects_when_session_membership_is_invalid" time="0.901" /><testcase classname="tests.test_services_billing_utils.TestGDPRExport" name="test_export_user_pii_json_includes_user_and_related_models" time="0.771" /><testcase classname="tests.test_services_billing_utils.TestGDPRExport" name="test_export_denies_non_admin_requesting_other_user" time="0.917" /><testcase classname="tests.test_services_billing_utils.TestGDPRExport" name="test_send_pii_export_builds_mail_with_attachment" time="0.908" /><testcase classname="tests.test_services_billing_utils.TestStripeService" name="test_create_customer_returns_existing_customer_id" time="0.921" /><testcase classname="tests.test_services_billing_utils.TestStripeService" name="test_create_customer_creates_and_persists_id" time="0.813" /><testcase classname="tests.test_services_billing_utils.TestStripeService" name="test_customer_portal_link" time="0.868" /><testcase classname="tests.test_services_billing_utils.TestStripeService" name="test_usage_reporting_and_subscription_item_listing" time="0.864" /><testcase classname="tests.test_services_billing_utils.TestStripeService" name="test_parse_webhook_uses_signature_header" time="0.976" /><testcase classname="tests.test_services_billing_utils.TestBillingPlans" name="test_free_plan_member_limit" time="1.180" /><testcase classname="tests.test_services_billing_utils.TestBillingPlans" name="test_metered_plan_records_usage" time="0.887" /><testcase classname="tests.test_services_billing_utils.TestBillingPlans" name="test_metered_plan_raises_when_subscription_item_missing" time="0.892" /><testcase classname="tests.test_services_billing_utils.TestBillingPlans" name="test_set_team_plan_updates_team_value" time="0.926" /><testcase classname="tests.test_services_billing_utils.TestUtilsAndMailers" name="test_math_helpers" time="0.941" /><testcase classname="tests.test_services_billing_utils.TestUtilsAndMailers" name="test_text_pluralize" time="0.975" /><testcase classname="tests.test_services_billing_utils.TestUtilsAndMailers" name="test_time_helpers" time="1.323" /><testcase classname="tests.test_services_billing_utils.TestUtilsAndMailers" name="test_token_helpers" time="0.855" /><testcase classname="tests.test_services_billing_utils.TestUtilsAndMailers" name="test_notification_mailer_send_renders_and_delivers" time="0.892" /><testcase classname="tests.test_signup_dashboard.TestSignupAndDashboard" name="test_signup_page_loads" time="1.380" /><testcase classname="tests.test_signup_dashboard.TestSignupAndDashboard" name="test_signup_creates_user_and_lands_on_dashboard" time="2.190" /><testcase classname="tests.test_signup_dashboard.TestSignupAndDashboard" name="test_signup_rejects_duplicate_email" time="1.361" /><testcase classname="tests.test_signup_dashboard.TestSignupAndDashboard" name="test_dashboard_home_loads_for_logged_in_user" time="2.450" /><testcase classname="tests.test_signup_dashboard.TestSignupAndDashboard" name="test_dashboard_team_page_loads_for_logged_in_user" time="2.370" /><testcase classname="tests.test_signup_dashboard.TestSignupAndDashboard" name="test_dashboard_files_page_loads_for_logged_in_user" time="2.239" /><testcase classname="tests.test_team.TestTeam" name="test_user_creation_of_team" time="0.290" /><testcase classname="tests.test_urls.TestURLs" name="test_home" time="0.649" /><testcase classname="tests.test_urls.TestURLs" name="test_login" time="0.579" /><testcase classname="tests.test_urls.TestURLs" name="test_logout" time="0.415" /><testcase classname="tests.test_urls.TestURLs" name="test_signup" time="0.643" /><testcase classname="tests.test_urls.TestURLs" name="test_dashboard_logged_out" time="0.382" /><testcase classname="tests.test_user.TestModels" name="test_user_save" time="0.674" /><testcase classname="tests.test_user.TestModels" name="test_user_password" time="0.729" /><testcase classname="tests.test_user.TestModels" name="test_user_group_creation" time="0.529" /><testcase classname="tests.test_user.TestModels" name="test_user_encryption" time="0.623" /><testcase classname="tests.test_user.TestModels" name="test_get_or_none_respects_soft_delete" time="0.512" /><testcase classname="tests.test_user.TestModels" name="test_query_with_deleted_can_fetch_deleted_rows" time="0.564" /><testcase classname="tests.test_user.TestModels" name="test_query_with_deleted_requires_identifier" time="0.380" /><testcase classname="tests.test_user.TestModels" name="test_model_serialization_and_delete_paths" time="0.537" /><testcase classname="tests.test_user.TestModels" name="test_transaction_rolls_back_on_exception" time="0.427" /></testsuite></testsuites>